
1) Static errors at 13:00: 

['Static telegram at 2024-09-06 13:00:47 STATUS: ERROR', 
'Static telegram at 2024-09-07 13:00:46 STATUS: ERROR', 
'Static telegram at 2024-09-08 13:00:31 STATUS: ERROR', 
'Static telegram at 2024-09-09 13:00:03 STATUS: ERROR']


2) 